#0 building with "desktop-linux" instance using docker driver

#1 [internal] load .dockerignore
#1 transferring context: 817B done
#1 DONE 0.0s

#2 [internal] load build definition from Dockerfile.project
#2 transferring dockerfile: 2.65kB done
#2 DONE 0.0s

#3 [internal] load metadata for docker.io/library/python:3.12.13-slim-bookworm@sha256:4766d8b510c428e595d74b9cc5bbb2fae8e26316fffb4adc89908d79aacd58a2
#3 DONE 15.0s

#4 [ 1/14] FROM docker.io/library/python:3.12.13-slim-bookworm@sha256:4766d8b510c428e595d74b9cc5bbb2fae8e26316fffb4adc89908d79aacd58a2
#4 DONE 0.0s

#5 [ 2/14] WORKDIR /workspace
#5 CACHED

#6 [internal] load build context
#6 transferring context: 8.36MB 0.1s done
#6 DONE 0.1s

#7 [ 3/14] COPY requirements-project.lock ./
#7 DONE 0.0s

#8 [ 4/14] RUN python -m pip --isolated --disable-pip-version-check install     --no-cache-dir --no-input --index-url https://pypi.org/simple     --require-hashes --only-binary=:all:     --requirement requirements-project.lock
#8 1.556 Collecting pip==26.2.1 (from -r requirements-project.lock (line 5))
#8 1.930   Downloading pip-26.2.1-py3-none-any.whl (1.8 MB)
#8 2.458      ━━━━━━━━━━━━━━━━━━━━━━━━━━━━━━━━━━━━━━━━ 1.8/1.8 MB 6.0 MB/s eta 0:00:00
#8 2.801 Collecting setuptools==84.0.0 (from -r requirements-project.lock (line 8))
#8 2.869   Downloading setuptools-84.0.0-py3-none-any.whl (818 kB)
#8 2.962      ━━━━━━━━━━━━━━━━━━━━━━━━━━━━━━━━━━━━━━ 818.2/818.2 kB 11.4 MB/s eta 0:00:00
#8 3.072 Collecting wheel==0.48.0 (from -r requirements-project.lock (line 11))
#8 3.233   Downloading wheel-0.48.0-py3-none-any.whl (33 kB)
#8 3.330 Collecting cachetools==7.1.7 (from -r requirements-project.lock (line 14))
#8 3.403   Downloading cachetools-7.1.7-py3-none-any.whl (16 kB)
#8 3.538 Collecting faiss-cpu==1.15.0 (from -r requirements-project.lock (line 17))
#8 3.612   Downloading faiss_cpu-1.15.0-cp310-abi3-manylinux_2_27_x86_64.manylinux_2_28_x86_64.whl (18.8 MB)
#8 6.914      ━━━━━━━━━━━━━━━━━━━━━━━━━━━━━━━━━━━━━━━━ 18.8/18.8 MB 5.7 MB/s eta 0:00:00
#8 7.318 Collecting numpy==2.5.2 (from -r requirements-project.lock (line 30))
#8 7.425   Downloading numpy-2.5.2-cp312-cp312-manylinux_2_27_x86_64.manylinux_2_28_x86_64.whl (16.7 MB)
#8 10.24      ━━━━━━━━━━━━━━━━━━━━━━━━━━━━━━━━━━━━━━━━ 16.7/16.7 MB 5.9 MB/s eta 0:00:00
#8 10.40 Collecting requests==2.34.2 (from -r requirements-project.lock (line 97))
#8 10.47   Downloading requests-2.34.2-py3-none-any.whl (73 kB)
#8 10.92 Collecting SQLAlchemy==2.0.52 (from -r requirements-project.lock (line 100))
#8 10.99   Downloading sqlalchemy-2.0.52-cp312-cp312-manylinux2014_x86_64.manylinux_2_17_x86_64.manylinux_2_28_x86_64.whl (3.4 MB)
#8 11.49      ━━━━━━━━━━━━━━━━━━━━━━━━━━━━━━━━━━━━━━━━ 3.4/3.4 MB 8.3 MB/s eta 0:00:00
#8 12.07 Collecting coverage==7.15.4 (from -r requirements-project.lock (line 153))
#8 12.21   Downloading coverage-7.15.4-cp312-cp312-manylinux1_x86_64.manylinux_2_28_x86_64.manylinux_2_5_x86_64.whl (257 kB)
#8 12.45 Collecting matplotlib==3.10.8 (from -r requirements-project.lock (line 275))
#8 12.52   Downloading matplotlib-3.10.8-cp312-cp312-manylinux2014_x86_64.manylinux_2_17_x86_64.whl (8.7 MB)
#8 14.50      ━━━━━━━━━━━━━━━━━━━━━━━━━━━━━━━━━━━━━━━━ 8.7/8.7 MB 4.3 MB/s eta 0:00:00
#8 14.83 Collecting psutil==7.2.2 (from -r requirements-project.lock (line 331))
#8 14.92   Downloading psutil-7.2.2-cp36-abi3-manylinux2010_x86_64.manylinux_2_12_x86_64.manylinux_2_28_x86_64.whl (155 kB)
#8 15.06 Collecting pytest==9.1.1 (from -r requirements-project.lock (line 353))
#8 15.13   Downloading pytest-9.1.1-py3-none-any.whl (386 kB)
#8 15.30 Collecting pytest-cov==7.1.0 (from -r requirements-project.lock (line 356))
#8 15.37   Downloading pytest_cov-7.1.0-py3-none-any.whl (22 kB)
#8 15.50 Collecting tiktoken==0.14.0 (from -r requirements-project.lock (line 359))
#8 15.57   Downloading tiktoken-0.14.0-cp312-cp312-manylinux_2_28_x86_64.whl (1.2 MB)
#8 15.87      ━━━━━━━━━━━━━━━━━━━━━━━━━━━━━━━━━━━━━━━━ 1.2/1.2 MB 3.7 MB/s eta 0:00:00
#8 15.97 Collecting certifi==2026.7.22 (from -r requirements-project.lock (line 424))
#8 16.05   Downloading certifi-2026.7.22-py3-none-any.whl (136 kB)
#8 16.27 Collecting charset-normalizer==3.5.1 (from -r requirements-project.lock (line 427))
#8 16.40   Downloading charset_normalizer-3.5.1-cp312-cp312-manylinux2014_x86_64.manylinux_2_17_x86_64.manylinux_2_28_x86_64.whl (248 kB)
#8 16.59 Collecting contourpy==1.3.3 (from -r requirements-project.lock (line 600))
#8 16.66   Downloading contourpy-1.3.3-cp312-cp312-manylinux_2_27_x86_64.manylinux_2_28_x86_64.whl (362 kB)
#8 16.87 Collecting cycler==0.12.1 (from -r requirements-project.lock (line 673))
#8 16.94   Downloading cycler-0.12.1-py3-none-any.whl (8.3 kB)
#8 17.16 Collecting fonttools==4.63.0 (from -r requirements-project.lock (line 676))
#8 17.23   Downloading fonttools-4.63.0-cp312-cp312-manylinux2014_x86_64.manylinux_2_17_x86_64.whl (5.0 MB)
#8 18.06      ━━━━━━━━━━━━━━━━━━━━━━━━━━━━━━━━━━━━━━━━ 5.0/5.0 MB 5.9 MB/s eta 0:00:00
#8 18.33 Collecting greenlet==3.5.5 (from -r requirements-project.lock (line 727))
#8 18.50   Downloading greenlet-3.5.5-cp312-cp312-manylinux_2_24_x86_64.manylinux_2_28_x86_64.whl (621 kB)
#8 18.59      ━━━━━━━━━━━━━━━━━━━━━━━━━━━━━━━━━━━━━━━ 621.4/621.4 kB 8.4 MB/s eta 0:00:00
#8 18.69 Collecting idna==3.19 (from -r requirements-project.lock (line 807))
#8 18.75   Downloading idna-3.19-py3-none-any.whl (68 kB)
#8 18.85 Collecting iniconfig==2.3.0 (from -r requirements-project.lock (line 810))
#8 18.96   Downloading iniconfig-2.3.0-py3-none-any.whl (7.5 kB)
#8 19.13 Collecting kiwisolver==1.5.0 (from -r requirements-project.lock (line 813))
#8 19.20   Downloading kiwisolver-1.5.0-cp312-cp312-manylinux2014_x86_64.manylinux_2_17_x86_64.whl (1.5 MB)
#8 19.38      ━━━━━━━━━━━━━━━━━━━━━━━━━━━━━━━━━━━━━━━━ 1.5/1.5 MB 8.3 MB/s eta 0:00:00
#8 19.57 Collecting packaging==26.3 (from -r requirements-project.lock (line 931))
#8 19.63   Downloading packaging-26.3-py3-none-any.whl (129 kB)
#8 19.89 Collecting pillow==12.3.0 (from -r requirements-project.lock (line 934))
#8 20.01   Downloading pillow-12.3.0-cp312-cp312-manylinux_2_27_x86_64.manylinux_2_28_x86_64.whl (6.9 MB)
#8 20.96      ━━━━━━━━━━━━━━━━━━━━━━━━━━━━━━━━━━━━━━━━ 6.9/6.9 MB 7.3 MB/s eta 0:00:00
#8 21.14 Collecting pluggy==1.6.0 (from -r requirements-project.lock (line 1022))
#8 21.21   Downloading pluggy-1.6.0-py3-none-any.whl (20 kB)
#8 21.31 Collecting Pygments==2.21.0 (from -r requirements-project.lock (line 1025))
#8 21.38   Downloading pygments-2.21.0-py3-none-any.whl (1.3 MB)
#8 21.64      ━━━━━━━━━━━━━━━━━━━━━━━━━━━━━━━━━━━━━━━━ 1.3/1.3 MB 4.6 MB/s eta 0:00:00
#8 21.75 Collecting pyparsing==3.3.2 (from -r requirements-project.lock (line 1028))
#8 21.82   Downloading pyparsing-3.3.2-py3-none-any.whl (122 kB)
#8 21.91 Collecting python-dateutil==2.9.0.post0 (from -r requirements-project.lock (line 1031))
#8 21.99   Downloading python_dateutil-2.9.0.post0-py2.py3-none-any.whl (229 kB)
#8 22.52 Collecting regex==2026.7.19 (from -r requirements-project.lock (line 1034))
#8 22.63   Downloading regex-2026.7.19-cp312-cp312-manylinux2014_x86_64.manylinux_2_17_x86_64.manylinux_2_28_x86_64.whl (801 kB)
#8 22.73      ━━━━━━━━━━━━━━━━━━━━━━━━━━━━━━━━━━━━━━━ 801.8/801.8 kB 8.2 MB/s eta 0:00:00
#8 22.82 Collecting six==1.17.0 (from -r requirements-project.lock (line 1149))
#8 22.91   Downloading six-1.17.0-py2.py3-none-any.whl (11 kB)
#8 23.00 Collecting typing_extensions==4.16.0 (from -r requirements-project.lock (line 1152))
#8 23.07   Downloading typing_extensions-4.16.0-py3-none-any.whl (45 kB)
#8 23.26 Collecting urllib3==2.7.0 (from -r requirements-project.lock (line 1155))
#8 23.33   Downloading urllib3-2.7.0-py3-none-any.whl (131 kB)
#8 23.48 Installing collected packages: urllib3, typing_extensions, six, setuptools, regex, pyparsing, Pygments, psutil, pluggy, pip, pillow, packaging, numpy, kiwisolver, iniconfig, idna, greenlet, fonttools, cycler, coverage, charset-normalizer, certifi, cachetools, wheel, SQLAlchemy, requests, python-dateutil, pytest, faiss-cpu, contourpy, tiktoken, pytest-cov, matplotlib
#8 24.37   Attempting uninstall: pip
#8 24.37     Found existing installation: pip 25.0.1
#8 24.41     Uninstalling pip-25.0.1:
#8 24.49       Successfully uninstalled pip-25.0.1
#8 29.41 Successfully installed Pygments-2.21.0 SQLAlchemy-2.0.52 cachetools-7.1.7 certifi-2026.7.22 charset-normalizer-3.5.1 contourpy-1.3.3 coverage-7.15.4 cycler-0.12.1 faiss-cpu-1.15.0 fonttools-4.63.0 greenlet-3.5.5 idna-3.19 iniconfig-2.3.0 kiwisolver-1.5.0 matplotlib-3.10.8 numpy-2.5.2 packaging-26.3 pillow-12.3.0 pip-26.2.1 pluggy-1.6.0 psutil-7.2.2 pyparsing-3.3.2 pytest-9.1.1 pytest-cov-7.1.0 python-dateutil-2.9.0.post0 regex-2026.7.19 requests-2.34.2 setuptools-84.0.0 six-1.17.0 tiktoken-0.14.0 typing_extensions-4.16.0 urllib3-2.7.0 wheel-0.48.0
#8 29.41 WARNING: Running pip as the 'root' user can result in broken permissions and conflicting behaviour with the system package manager, possibly rendering your system unusable. It is recommended to use a virtual environment instead: https://pip.pypa.io/warnings/venv. Use the --root-user-action option if you know what you are doing and want to suppress this warning.
#8 DONE 29.6s

#9 [ 5/14] COPY assets/tiktoken-cache/9b5ad71b2ce5302211f9c61530b329a4922fc6a4 /opt/tiktoken-cache/9b5ad71b2ce5302211f9c61530b329a4922fc6a4
#9 DONE 0.0s

#10 [ 6/14] RUN python -c 'import hashlib, pathlib, sys; root = pathlib.Path("/opt/tiktoken-cache"); path = root / "9b5ad71b2ce5302211f9c61530b329a4922fc6a4"; data = path.read_bytes(); valid = (not root.is_symlink() and not path.is_symlink() and list(root.iterdir()) == [path] and len(data) == 1681126 and hashlib.sha256(data).hexdigest() == "223921b76ee99bde995b7ff738513eef100fb51d18c93597a113bcffe865b2a7"); sys.exit(0 if valid else "invalid cl100k_base cache asset")'
#10 DONE 0.3s

#11 [ 7/14] COPY setup.py README.md requirements.txt ./
#11 DONE 0.0s

#12 [ 8/14] COPY gptcache ./gptcache
#12 DONE 0.0s

#13 [ 9/14] COPY gptcache_server ./gptcache_server
#13 DONE 0.0s

#14 [10/14] COPY benchmarks ./benchmarks
#14 DONE 0.0s

#15 [11/14] COPY examples/benchmark ./examples/benchmark
#15 DONE 0.0s

#16 [12/14] COPY tests ./tests
#16 DONE 0.0s

#17 [13/14] COPY scripts ./scripts
#17 DONE 0.0s

#18 [14/14] RUN python -m pip --isolated --disable-pip-version-check install     --no-cache-dir --no-input --no-index --no-deps --no-build-isolation --editable .     && addgroup --system project     && adduser --system --ingroup project --home /home/project project     && chown -R project:project /workspace /home/project
#18 0.655 Obtaining file:///workspace
#18 0.657   Checking if build backend supports build_editable: started
#18 1.058   Checking if build backend supports build_editable: finished with status 'done'
#18 1.060   Preparing editable metadata (pyproject.toml): started
#18 1.496   Preparing editable metadata (pyproject.toml): finished with status 'done'
#18 1.501 Building wheels for collected packages: gptcache
#18 1.502   Building editable for gptcache (pyproject.toml): started
#18 1.968   Building editable for gptcache (pyproject.toml): finished with status 'done'
#18 1.970   Created wheel for gptcache: filename=gptcache-0.1.44-0.editable-py3-none-any.whl size=14033 sha256=6d98a07dba448633396758ca08c0519ec72ee95107cdcead6876402e3bb7e149
#18 1.970   Stored in directory: /tmp/pip-ephem-wheel-cache-qifve7xw/wheels/b0/41/ab/4e04a8678980f3355548f1261923479fbf2a713a7393a7dea8
#18 1.976 Successfully built gptcache
#18 2.003 Installing collected packages: gptcache
#18 2.012 Successfully installed gptcache-0.1.44
#18 2.013 WARNING: Running pip as the 'root' user can result in broken permissions and conflicting behaviour with the system package manager, possibly rendering your system unusable. It is recommended to use a virtual environment instead: https://pip.pypa.io/warnings/venv. Use the --root-user-action option if you know what you are doing and want to suppress this warning.
#18 2.142 Adding group `project' (GID 101) ...
#18 2.174 Done.
#18 2.261 Adding system user `project' (UID 100) ...
#18 2.261 Adding new user `project' (UID 100) with group `project' ...
#18 2.297 Creating home directory `/home/project' ...
#18 DONE 2.5s

#19 exporting to image
#19 exporting layers
#19 exporting layers 0.6s done
#19 writing image sha256:d6caa03491ac11730f39ed1c9a1a68999f81963f07d53073fe2f235f856c91a4 done
#19 naming to docker.io/library/carma-project:repro-fd09291a0f2d-25004 done
#19 DONE 0.6s

What's Next?
  1. Sign in to your Docker account → docker login
  2. View a summary of image vulnerabilities and recommendations → docker scout quickview
