[verify] interpreter and dependency integrity
python=3.12.13 platform=Linux-6.5.11-linuxkit-x86_64-with-glibc2.36
No broken requirements found.
[verify] source-bound offline tiktoken cache
tiktoken_cache_sha256=223921b76ee99bde995b7ff738513eef100fb51d18c93597a113bcffe865b2a7
[verify] pinned GPTCache ancestry
[verify] Git metadata unavailable; host CI owns the ancestry check
[verify] upstream SQLite/FAISS regression slice
........                                                                 [100%]
8 passed in <elapsed>
..                                                                       [100%]
2 passed, 1 deselected in <elapsed>
[verify] CARMA project tests (10 files)
s..............s........................................................ [ 39%]
........................................................................ [ 79%]
.....................................                                    [100%]
179 passed, 2 skipped in <elapsed>
[verify] deterministic CI benchmark
CARMA CI benchmark deterministic: /artifacts/benchmark
[verify] PASS
