Collecting pip==26.2.1 (from -r requirements-project.lock (line 5))
  Using cached pip-26.2.1-py3-none-any.whl (1.8 MB)
Collecting setuptools==84.0.0 (from -r requirements-project.lock (line 8))
  Using cached setuptools-84.0.0-py3-none-any.whl (818 kB)
Collecting wheel==0.48.0 (from -r requirements-project.lock (line 11))
  Using cached wheel-0.48.0-py3-none-any.whl (33 kB)
Collecting cachetools==7.1.7 (from -r requirements-project.lock (line 14))
  Using cached cachetools-7.1.7-py3-none-any.whl (16 kB)
Collecting faiss-cpu==1.15.0 (from -r requirements-project.lock (line 17))
  Using cached faiss_cpu-1.15.0-cp310-abi3-macosx_14_0_arm64.whl (4.9 MB)
Collecting numpy==2.5.2 (from -r requirements-project.lock (line 30))
  Using cached numpy-2.5.2-cp312-cp312-macosx_14_0_arm64.whl (5.4 MB)
Collecting requests==2.34.2 (from -r requirements-project.lock (line 97))
  Using cached requests-2.34.2-py3-none-any.whl (73 kB)
Collecting SQLAlchemy==2.0.52 (from -r requirements-project.lock (line 100))
  Using cached sqlalchemy-2.0.52-cp312-cp312-macosx_11_0_arm64.whl (2.2 MB)
Collecting coverage==7.15.4 (from -r requirements-project.lock (line 153))
  Using cached coverage-7.15.4-cp312-cp312-macosx_11_0_arm64.whl (222 kB)
Collecting matplotlib==3.10.8 (from -r requirements-project.lock (line 275))
  Using cached matplotlib-3.10.8-cp312-cp312-macosx_11_0_arm64.whl (8.1 MB)
Collecting psutil==7.2.2 (from -r requirements-project.lock (line 331))
  Using cached psutil-7.2.2-cp36-abi3-macosx_11_0_arm64.whl (129 kB)
Collecting pytest==9.1.1 (from -r requirements-project.lock (line 353))
  Using cached pytest-9.1.1-py3-none-any.whl (386 kB)
Collecting pytest-cov==7.1.0 (from -r requirements-project.lock (line 356))
  Using cached pytest_cov-7.1.0-py3-none-any.whl (22 kB)
Collecting tiktoken==0.14.0 (from -r requirements-project.lock (line 359))
  Using cached tiktoken-0.14.0-cp312-cp312-macosx_11_0_arm64.whl (1.0 MB)
Collecting certifi==2026.7.22 (from -r requirements-project.lock (line 424))
  Using cached certifi-2026.7.22-py3-none-any.whl (136 kB)
Collecting charset-normalizer==3.5.1 (from -r requirements-project.lock (line 427))
  Using cached charset_normalizer-3.5.1-cp312-cp312-macosx_10_13_universal2.whl (344 kB)
Collecting contourpy==1.3.3 (from -r requirements-project.lock (line 600))
  Using cached contourpy-1.3.3-cp312-cp312-macosx_11_0_arm64.whl (273 kB)
Collecting cycler==0.12.1 (from -r requirements-project.lock (line 673))
  Using cached cycler-0.12.1-py3-none-any.whl (8.3 kB)
Collecting fonttools==4.63.0 (from -r requirements-project.lock (line 676))
  Using cached fonttools-4.63.0-cp312-cp312-macosx_10_13_universal2.whl (2.9 MB)
Collecting greenlet==3.5.5 (from -r requirements-project.lock (line 727))
  Using cached greenlet-3.5.5-cp312-cp312-macosx_11_0_universal2.whl (295 kB)
Collecting idna==3.19 (from -r requirements-project.lock (line 807))
  Using cached idna-3.19-py3-none-any.whl (68 kB)
Collecting iniconfig==2.3.0 (from -r requirements-project.lock (line 810))
  Using cached iniconfig-2.3.0-py3-none-any.whl (7.5 kB)
Collecting kiwisolver==1.5.0 (from -r requirements-project.lock (line 813))
  Using cached kiwisolver-1.5.0-cp312-cp312-macosx_11_0_arm64.whl (64 kB)
Collecting packaging==26.3 (from -r requirements-project.lock (line 931))
  Using cached packaging-26.3-py3-none-any.whl (129 kB)
Collecting pillow==12.3.0 (from -r requirements-project.lock (line 934))
  Using cached pillow-12.3.0-cp312-cp312-macosx_11_0_arm64.whl (4.8 MB)
Collecting pluggy==1.6.0 (from -r requirements-project.lock (line 1022))
  Using cached pluggy-1.6.0-py3-none-any.whl (20 kB)
Collecting Pygments==2.21.0 (from -r requirements-project.lock (line 1025))
  Using cached pygments-2.21.0-py3-none-any.whl (1.3 MB)
Collecting pyparsing==3.3.2 (from -r requirements-project.lock (line 1028))
  Using cached pyparsing-3.3.2-py3-none-any.whl (122 kB)
Collecting python-dateutil==2.9.0.post0 (from -r requirements-project.lock (line 1031))
  Using cached python_dateutil-2.9.0.post0-py2.py3-none-any.whl (229 kB)
Collecting regex==2026.7.19 (from -r requirements-project.lock (line 1034))
  Using cached regex-2026.7.19-cp312-cp312-macosx_11_0_arm64.whl (292 kB)
Collecting six==1.17.0 (from -r requirements-project.lock (line 1149))
  Using cached six-1.17.0-py2.py3-none-any.whl (11 kB)
Collecting typing_extensions==4.16.0 (from -r requirements-project.lock (line 1152))
  Using cached typing_extensions-4.16.0-py3-none-any.whl (45 kB)
Collecting urllib3==2.7.0 (from -r requirements-project.lock (line 1155))
  Using cached urllib3-2.7.0-py3-none-any.whl (131 kB)
Installing collected packages: urllib3, typing_extensions, six, setuptools, regex, pyparsing, Pygments, psutil, pluggy, pip, pillow, packaging, numpy, kiwisolver, iniconfig, idna, greenlet, fonttools, cycler, coverage, charset-normalizer, certifi, cachetools, wheel, SQLAlchemy, requests, python-dateutil, pytest, faiss-cpu, contourpy, tiktoken, pytest-cov, matplotlib
  Attempting uninstall: pip
    Found existing installation: pip 25.0.1
    Uninstalling pip-25.0.1:
      Successfully uninstalled pip-25.0.1
Successfully installed Pygments-2.21.0 SQLAlchemy-2.0.52 cachetools-7.1.7 certifi-2026.7.22 charset-normalizer-3.5.1 contourpy-1.3.3 coverage-7.15.4 cycler-0.12.1 faiss-cpu-1.15.0 fonttools-4.63.0 greenlet-3.5.5 idna-3.19 iniconfig-2.3.0 kiwisolver-1.5.0 matplotlib-3.10.8 numpy-2.5.2 packaging-26.3 pillow-12.3.0 pip-26.2.1 pluggy-1.6.0 psutil-7.2.2 pyparsing-3.3.2 pytest-9.1.1 pytest-cov-7.1.0 python-dateutil-2.9.0.post0 regex-2026.7.19 requests-2.34.2 setuptools-84.0.0 six-1.17.0 tiktoken-0.14.0 typing_extensions-4.16.0 urllib3-2.7.0 wheel-0.48.0
Obtaining file:///private/var/folders/2x/z1sj2n997ds2t9npgjvxyb0w0000gn/T/carma-gate-context.AZt5yf
  Checking if build backend supports build_editable: started
  Checking if build backend supports build_editable: finished with status 'done'
  Preparing editable metadata (pyproject.toml): started
  Preparing editable metadata (pyproject.toml): finished with status 'done'
Building wheels for collected packages: gptcache
  Building editable for gptcache (pyproject.toml): started
  Building editable for gptcache (pyproject.toml): finished with status 'done'
  Created wheel for gptcache: filename=gptcache-0.1.44-0.editable-py3-none-any.whl size=15933 sha256=51b00dc1ee8ae5e547eb83dc20ebdbd8c098db04a8ef17756915e4da02734f76
  Stored in directory: /private/var/folders/2x/z1sj2n997ds2t9npgjvxyb0w0000gn/T/pip-ephem-wheel-cache-uaf8el1m/wheels/ff/27/d1/f9c820ad8ee857dbc087fb5100976ebbc13a09ded2fca2339e
Successfully built gptcache
Installing collected packages: gptcache
Successfully installed gptcache-0.1.44
No broken requirements found.
[install] pip check PASS
