[verify] interpreter and dependency integrity
python=3.12.13 platform=macOS-26.5.2-arm64-arm-64bit
No broken requirements found.
[verify] source-bound offline tiktoken cache
tiktoken_cache_sha256=223921b76ee99bde995b7ff738513eef100fb51d18c93597a113bcffe865b2a7
[verify] pinned GPTCache ancestry
[verify] Git metadata unavailable; host CI owns the ancestry check
[verify] upstream SQLite/FAISS regression slice
........                                                                 [100%]
8 passed in 4.78s
..                                                                       [100%]
2 passed, 1 deselected in 1.20s
[verify] CARMA project tests (10 files)
s..............s........................................................ [ 43%]
........................................................................ [ 86%]
......................                                                   [100%]
164 passed, 2 skipped in 6.89s
[verify] deterministic CI benchmark
CARMA CI benchmark deterministic: /Users/matangoldfarb/Desktop/talya/gptcache-online-policy/artifacts/ci/benchmark
[verify] PASS
